 RLio.C successful. 
 Starting diagonalization 
 ... Starting filling basic arrays ...  Added symmetry :  0  , round :  0  , state :  1  
  Added symmetry :  1  , round :  0  , state :  1  
  Added symmetry :  1  , round :  1  , state :  4194304  
  Added symmetry :  1  , round :  2  , state :  1048576  
  Added symmetry :  1  , round :  3  , state :  262144  
  Added symmetry :  1  , round :  4  , state :  65536  
  Added symmetry :  1  , round :  5  , state :  16384  
  Added symmetry :  1  , round :  6  , state :  4096  
  Added symmetry :  1  , round :  7  , state :  1024  
  Added symmetry :  1  , round :  8  , state :  256  
  Added symmetry :  1  , round :  9  , state :  64  
  Added symmetry :  1  , round :  10  , state :  16  
  Added symmetry :  1  , round :  11  , state :  4  
  With M-symmetry 
  M_SYM encountered 1st 
  Unique mode is:  0  Mode is:  0  Nspins%2 is:  0  twom is:  0  mstart =  0  mend =  0  
  Longest_Matrix allocated  done, 0.785579 seconds used
 
 Now treating the m =  0  subspace: 

 