 RLio.C successful. 
 Starting diagonalization 
 ...  Added symmetry :  0  , round :  0  , state :  1  
  Added symmetry :  1  , round :  0  , state :  1  
  Added symmetry :  2  , round :  0  , state :  1  
  Added symmetry :  2  , round :  1  , state :  32768  
  Added symmetry :  2  , round :  2  , state :  4096  
  Added symmetry :  2  , round :  3  , state :  512  
  Added symmetry :  2  , round :  4  , state :  64  
  Added symmetry :  2  , round :  5  , state :  8  
  With M-symmetry 
  IN FillUniqueObservables
  
writing sparse matrix to file: begin  writing sparse matrix to file: end
  GS_energy after Allreduce -5.27503  
 0  Nqvalue 1  Nsymvalue 1  
 1  Nqvalue 1  Nsymvalue 1  
 2  Nqvalue 12  Nsymvalue 6  IN FillUniqueObservables
  
writing sparse matrix to file: begin  writing sparse matrix to file: end
  GS_energy after Allreduce -5.14439  
 0  Nqvalue 1  Nsymvalue 1  
 1  Nqvalue 1  Nsymvalue 1  
 2  Nqvalue 12  Nsymvalue 6  IN FillUniqueObservables
  
writing sparse matrix to file: begin  writing sparse matrix to file: end
  GS_energy after Allreduce -4.8227  
 0  Nqvalue 1  Nsymvalue 1  
 1  Nqvalue 1  Nsymvalue 1  
 2  Nqvalue 12  Nsymvalue 6  IN FillUniqueObservables
  
writing sparse matrix to file: begin  writing sparse matrix to file: end
  GS_energy after Allreduce -4.42005  
 0  Nqvalue 1  Nsymvalue 1  
 1  Nqvalue 1  Nsymvalue 1  
 2  Nqvalue 12  Nsymvalue 6  
 Total execution done, 34.4496 seconds used
 
 End of diagonalization program RLexact.
  deallocated correctly! 