 RLio.C successful. 
 Starting diagonalization 
 ... Starting filling basic arrays ...  Added symmetry :  0  , round :  0  , state :  1  
  Added symmetry :  1  , round :  0  , state :  1  
  Added symmetry :  2  , round :  0  , state :  1  
  Added symmetry :  2  , round :  1  , state :  32768  
  Added symmetry :  2  , round :  2  , state :  4096  
  Added symmetry :  2  , round :  3  , state :  512  
  Added symmetry :  2  , round :  4  , state :  64  
  Added symmetry :  2  , round :  5  , state :  8  
  With M-symmetry 
  M_SYM encountered 1st 
  Unique mode is:  0  Mode is:  0  Nspins%2 is:  0  twom is:  0  mstart =  0  mend =  3  
  Longest_Matrix allocated  done, 0.022774 seconds used
 
 Now treating the m =  0  subspace: 

 Starting filling arrays for one m ...  IN FillUniqueObservables
    done, 0.019196 seconds used
Starting calculating for one m ...  
 Nunique =  8110 Starting writing to file ...  
writing sparse matrix to file: begin  writing sparse matrix to file: end
  .. done, 0.224801 seconds used
Starting dealing with the ground state ... Starting finding the ground state ...  GS_energy after Allreduce -5.27503  
 0  Nqvalue 1  Nsymvalue 1  
 1  Nqvalue 1  Nsymvalue 1  
 2  Nqvalue 6  Nsymvalue 6  one m/h  done, 5.77104 seconds used
 
  
 Now treating the m =  1  subspace: 

 Starting filling arrays for one m ...  IN FillUniqueObservables
    done, 0.013631 seconds used
Starting calculating for one m ...  
 Nunique =  7314 Starting writing to file ...  
writing sparse matrix to file: begin  writing sparse matrix to file: end
  .. done, 0.201418 seconds used
Starting dealing with the ground state ... Starting finding the ground state ...  GS_energy after Allreduce -5.14439  
 0  Nqvalue 1  Nsymvalue 1  
 1  Nqvalue 1  Nsymvalue 1  
 2  Nqvalue 6  Nsymvalue 6  one m/h  done, 4.88729 seconds used
 
  
 Now treating the m =  2  subspace: 

 Starting filling arrays for one m ...  IN FillUniqueObservables
    done, 0.010077 seconds used
Starting calculating for one m ...  
 Nunique =  5304 Starting writing to file ...  
writing sparse matrix to file: begin  writing sparse matrix to file: end
  .. done, 0.149281 seconds used
Starting dealing with the ground state ... Starting finding the ground state ...  GS_energy after Allreduce -4.8227  
 0  Nqvalue 1  Nsymvalue 1  
 1  Nqvalue 1  Nsymvalue 1  
 2  Nqvalue 6  Nsymvalue 6  one m/h  done, 3.41808 seconds used
 
  
 Now treating the m =  3  subspace: 

 Starting filling arrays for one m ...  IN FillUniqueObservables
    done, 0.005894 seconds used
Starting calculating for one m ...  
 Nunique =  3114 Starting writing to file ...  
writing sparse matrix to file: begin  writing sparse matrix to file: end
  .. done, 0.088212 seconds used
Starting dealing with the ground state ... Starting finding the ground state ...  GS_energy after Allreduce -4.42005  
 0  Nqvalue 1  Nsymvalue 1  
 1  Nqvalue 1  Nsymvalue 1  
 2  Nqvalue 6  Nsymvalue 6  one m/h  done, 2.20564 seconds used
 
  
 Total execution done, 16.3537 seconds used
 
 End of diagonalization program RLexact.
  deallocated correctly! 